<?xml version="1.0" encoding="utf-8"?><testsuites name="pytest tests"><testsuite name="pytest" errors="0" failures="0" skipped="0" tests="16" time="0.798" timestamp="2026-10-05T15:10:06.467952+05:30" hostname="LAPTOP-9NFSM19L"><testcase classname="tests.test_app" name="test_home_page" time="0.013" /><testcase classname="tests.test_app" name="test_health_status_code" time="0.002" /><testcase classname="tests.test_app" name="test_health_response" time="0.001" /><testcase classname="tests.test_app" name="test_health_content_type" time="0.001" /><testcase classname="tests.test_app" name="test_deployments_api" time="0.003" /><testcase classname="tests.test_app" name="test_deployments_api_summary" time="0.003" /><testcase classname="tests.test_app" name="test_deployments_api_list" time="0.001" /><testcase classname="tests.test_lambda" name="test_get_summary" time="0.001" /><testcase classname="tests.test_lambda" name="test_get_deployments" time="0.001" /><testcase classname="tests.test_lambda" name="test_get_existing_deployment" time="0.001" /><testcase classname="tests.test_lambda" name="test_get_missing_deployment" time="0.001" /><testcase classname="tests.test_lambda" name="test_invalid_route" time="0.002" /><testcase classname="tests.test_lambda" name="test_invalid_method" time="0.001" /><testcase classname="tests.test_risk_engine" name="test_safe_deployment" time="0.001" /><testcase classname="tests.test_risk_engine" name="test_caution_deployment" time="0.001" /><testcase classname="tests.test_risk_engine" name="test_high_risk_deployment" time="0.001" /></testsuite></testsuites>